MPLINK 5.09, LINKER
Linker Map File - Created Mon Feb 16 17:49:12 2026

                                 Section Info
                  Section       Type    Address   Location Size(Bytes)
                ---------  ---------  ---------  ---------  ---------
                   .org_0       code   0x000000    program   0x000004
                   .cinit    romdata   0x000004    program   0x000002
                   .org_1       code   0x000008    program   0x000002
                   .org_2       code   0x000018    program   0x000028
.config_300001_BUILD/DEFAULT/PRODUCTION/NEWPIC_    romdata   0x300001    program   0x000001
.config_300003_BUILD/DEFAULT/PRODUCTION/NEWPIC_    romdata   0x300003    program   0x000001
.config_300005_BUILD/DEFAULT/PRODUCTION/NEWPIC_    romdata   0x300005    program   0x000001



                              Program Memory Usage 
                               Start         End      
                           ---------   ---------      
                            0x000000    0x000005      
                            0x000008    0x000009      
                            0x000018    0x00003f      
                            0x300001    0x300001      
                            0x300003    0x300003      
                            0x300005    0x300005      
            51 out of 8472 program addresses used, program memory utilization is 0%



                              Symbols - Sorted by Name
                     Name    Address   Location    Storage File                     
                ---------  ---------  ---------  --------- ---------                
                   ESPERA   0x00001a    program     static C:\Users\gerim\Desktop\P2FA\prova.X\newpic_8b_general1.asm
               INCREMENTA   0x000022    program     static C:\Users\gerim\Desktop\P2FA\prova.X\newpic_8b_general1.asm
                     LOOP   0x000030    program     static C:\Users\gerim\Desktop\P2FA\prova.X\newpic_8b_general1.asm
                     MAIN   0x00002c    program     static C:\Users\gerim\Desktop\P2FA\prova.X\newpic_8b_general1.asm



                              Symbols - Sorted by Address
                     Name    Address   Location    Storage File                     
                ---------  ---------  ---------  --------- ---------                
                   ESPERA   0x00001a    program     static C:\Users\gerim\Desktop\P2FA\prova.X\newpic_8b_general1.asm
               INCREMENTA   0x000022    program     static C:\Users\gerim\Desktop\P2FA\prova.X\newpic_8b_general1.asm
                     MAIN   0x00002c    program     static C:\Users\gerim\Desktop\P2FA\prova.X\newpic_8b_general1.asm
                     LOOP   0x000030    program     static C:\Users\gerim\Desktop\P2FA\prova.X\newpic_8b_general1.asm


